// Jest Snapshot v1, https://goo.gl/fbAQLP

exports[`Card renders correctly 1`] = `
<View
  style={
    Array [
      Object {
        "backgroundColor": "white",
        "borderColor": "#e1e8ee",
        "borderWidth": 1,
        "margin": 15,
        "marginBottom": 0,
        "padding": 15,
        "shadowColor": "rgba(0,0,0, .2)",
        "shadowOffset": Object {
          "height": 0,
          "width": 0,
        },
        "shadowOpacity": 1,
        "shadowRadius": 1,
      },
      undefined,
      Array [
        Object {
          "backgroundColor": "#FFFFFF",
          "borderColor": "#FFFFFF",
          "borderWidth": 0,
          "shadowColor": "rgba(0,0,0, .2)",
          "shadowOffset": Object {
            "height": 0,
            "width": 0,
          },
          "shadowOpacity": 0,
          "shadowRadius": 0,
        },
        Array [],
      ],
    ]
  }
>
  <View
    style={
      Array [
        Object {
          "backgroundColor": "transparent",
        },
        undefined,
        undefined,
      ]
    }
  >
    <Text
      accessible={true}
      allowFontScaling={true}
      ellipsizeMode="tail"
    >
      Hello world
    </Text>
  </View>
</View>
`;

exports[`Card w/ Image renders correctly 1`] = `
<View
  style={
    Array [
      Object {
        "backgroundColor": "white",
        "borderColor": "#e1e8ee",
        "borderWidth": 1,
        "margin": 15,
        "marginBottom": 0,
        "padding": 15,
        "shadowColor": "rgba(0,0,0, .2)",
        "shadowOffset": Object {
          "height": 0,
          "width": 0,
        },
        "shadowOpacity": 1,
        "shadowRadius": 1,
      },
      Object {
        "padding": 0,
      },
      Array [
        Object {
          "backgroundColor": "#FFFFFF",
          "borderColor": "#FFFFFF",
          "borderWidth": 0,
          "shadowColor": "rgba(0,0,0, .2)",
          "shadowOffset": Object {
            "height": 0,
            "width": 0,
          },
          "shadowOpacity": 0,
          "shadowRadius": 0,
        },
        Array [],
      ],
    ]
  }
>
  <View
    style={
      Array [
        Object {
          "backgroundColor": "transparent",
        },
        undefined,
        undefined,
      ]
    }
  >
    <View
      style={undefined}
    >
      <View
        style={
          Array [
            Object {
              "height": 150,
              "width": null,
            },
            undefined,
          ]
        }
      >
        <Image
          resizeMode="cover"
          source={
            Object {
              "process": [Function],
            }
          }
          style={
            Array [
              Object {
                "bottom": 0,
                "left": 0,
                "position": "absolute",
                "right": 0,
                "top": 0,
              },
              Object {
                "height": undefined,
                "width": undefined,
              },
              undefined,
            ]
          }
        />
        <View
          style={
            Array [
              Object {
                "alignItems": "center",
                "alignSelf": "stretch",
                "backgroundColor": "rgba(0, 0, 0, 0.2)",
                "bottom": 0,
                "flex": 1,
                "justifyContent": "center",
                "left": 0,
                "position": "absolute",
                "right": 0,
                "top": 0,
              },
              undefined,
            ]
          }
        >
          <Text
            accessible={true}
            allowFontScaling={true}
            ellipsizeMode="tail"
            style={
              Array [
                Object {},
                undefined,
                undefined,
                undefined,
                undefined,
                undefined,
                undefined,
                undefined,
                undefined,
                undefined,
                Array [
                  Object {
                    "color": "white",
                    "fontSize": 22.5,
                    "fontWeight": "800",
                    "marginBottom": 8,
                  },
                  undefined,
                ],
              ]
            }
          />
          <Text
            accessible={true}
            allowFontScaling={true}
            ellipsizeMode="tail"
            style={
              Array [
                Object {},
                undefined,
                undefined,
                undefined,
                undefined,
                undefined,
                undefined,
                undefined,
                undefined,
                undefined,
                Array [
                  Object {
                    "color": "white",
                    "fontSize": 16.25,
                    "fontWeight": "400",
                    "marginBottom": 8,
                  },
                  undefined,
                ],
              ]
            }
          />
        </View>
      </View>
      <View
        style={
          Array [
            Object {
              "padding": 10,
            },
            undefined,
          ]
        }
      >
        <Text
          accessible={true}
          allowFontScaling={true}
          ellipsizeMode="tail"
        >
          Hello world
        </Text>
      </View>
    </View>
  </View>
</View>
`;

exports[`Card w/ Title renders correctly 1`] = `
<View
  style={
    Array [
      Object {
        "backgroundColor": "white",
        "borderColor": "#e1e8ee",
        "borderWidth": 1,
        "margin": 15,
        "marginBottom": 0,
        "padding": 15,
        "shadowColor": "rgba(0,0,0, .2)",
        "shadowOffset": Object {
          "height": 0,
          "width": 0,
        },
        "shadowOpacity": 1,
        "shadowRadius": 1,
      },
      undefined,
      Array [
        Object {
          "backgroundColor": "#FFFFFF",
          "borderColor": "#FFFFFF",
          "borderWidth": 0,
          "shadowColor": "rgba(0,0,0, .2)",
          "shadowOffset": Object {
            "height": 0,
            "width": 0,
          },
          "shadowOpacity": 0,
          "shadowRadius": 0,
        },
        Array [],
      ],
    ]
  }
>
  <View
    style={
      Array [
        Object {
          "backgroundColor": "transparent",
        },
        undefined,
        undefined,
      ]
    }
  >
    <View>
      <Text
        accessible={true}
        allowFontScaling={true}
        ellipsizeMode="tail"
        style={
          Array [
            Object {},
            undefined,
            undefined,
            undefined,
            undefined,
            undefined,
            undefined,
            undefined,
            undefined,
            undefined,
            Array [
              Object {
                "color": "#43484d",
                "fontSize": 17.5,
                "fontWeight": "bold",
                "marginBottom": 15,
                "textAlign": "center",
              },
              undefined,
              Array [
                Object {
                  "color": "#455a64",
                  "fontFamily": "HelveticaNeue",
                  "fontSize": 21,
                  "fontWeight": "800",
                  "left": 0,
                  "lineHeight": 26,
                  "margin": 0,
                  "marginBottom": 4,
                  "right": 0,
                },
                Object {
                  "marginBottom": 15,
                },
                Array [],
              ],
              undefined,
            ],
          ]
        }
      >
        With Title
      </Text>
      <View
        style={
          Array [
            Object {
              "backgroundColor": "#e1e8ee",
              "height": 1,
            },
            Array [
              Object {
                "marginBottom": 15,
              },
              Array [
                Object {
                  "backgroundColor": "#483F53",
                },
              ],
            ],
          ]
        }
      />
    </View>
    <Text
      accessible={true}
      allowFontScaling={true}
      ellipsizeMode="tail"
    >
      Hello world
    </Text>
  </View>
</View>
`;
