// Jest Snapshot v1, https://goo.gl/fbAQLP

exports[`List renders correctly 1`] = `
<View
  style={
    Array [
      Object {
        "backgroundColor": "#ffffff",
        "borderColor": "#bbb",
        "borderTopWidth": 1,
        "marginTop": 20,
      },
      Array [
        Object {
          "backgroundColor": "#FFFFFF",
          "borderBottomWidth": 0,
          "borderTopColor": "#483F53",
          "margin": 0,
        },
        Array [],
      ],
    ]
  }
>
  <View
    onLongPress={undefined}
    onPress={undefined}
    style={
      Array [
        Object {
          "backgroundColor": "transparent",
          "borderBottomColor": "#bbb",
          "borderBottomWidth": 1,
          "paddingBottom": 10,
          "paddingRight": 10,
          "paddingTop": 10,
        },
        Array [
          Object {
            "backgroundColor": "#FFFFFF",
            "borderBottomColor": "#483F53",
            "borderTopColor": "#483F53",
          },
          Array [],
        ],
      ]
    }
    underlayColor="#483F53"
  >
    <View
      style={
        Array [
          Object {
            "flexDirection": "row",
            "marginLeft": 10,
          },
          undefined,
        ]
      }
    >
      <View
        style={
          Object {
            "flex": 1,
            "justifyContent": "center",
          }
        }
      >
        <View
          style={undefined}
        >
          <Text
            accessible={true}
            allowFontScaling={true}
            ellipsizeMode="tail"
            numberOfLines={1}
            style={
              Array [
                Object {},
                undefined,
                undefined,
                undefined,
                undefined,
                undefined,
                undefined,
                undefined,
                undefined,
                undefined,
                Array [
                  Object {
                    "color": "#43484d",
                    "fontSize": 17.5,
                  },
                  Object {
                    "marginLeft": 10,
                  },
                  Array [
                    Object {
                      "color": "#455a64",
                      "fontFamily": "HelveticaNeue",
                      "fontSize": 14,
                      "fontWeight": "300",
                      "lineHeight": 18,
                    },
                    Array [],
                  ],
                  undefined,
                ],
              ]
            }
          >
            Hello
          </Text>
        </View>
        <View
          style={undefined}
        >
          <View />
        </View>
      </View>
      <View
        accessibilityComponentType={undefined}
        accessibilityLabel={undefined}
        accessibilityTraits={undefined}
        accessible={true}
        collapsable={undefined}
        hitSlop={undefined}
        isTVSelectable={true}
        nativeID={undefined}
        onLayout={undefined}
        onResponderGrant={[Function]}
        onResponderMove={[Function]}
        onResponderRelease={[Function]}
        onResponderTerminate={[Function]}
        onResponderTerminationRequest={[Function]}
        onStartShouldSetResponder={[Function]}
        style={
          Object {
            "alignItems": "flex-end",
            "flex": 0.15,
            "justifyContent": "center",
            "opacity": 1,
          }
        }
        testID={undefined}
        tvParallaxProperties={undefined}
      >
        <View
          onPress={undefined}
          style={
            Array [
              false,
              false,
              false,
              Object {
                "alignItems": "center",
                "backgroundColor": "transparent",
                "justifyContent": "center",
              },
              undefined,
            ]
          }
          underlayColor="white"
        >
          <Text
            accessible={true}
            allowFontScaling={false}
            ellipsizeMode="tail"
            style={
              Array [
                Object {
                  "color": "#777777",
                  "fontSize": 28,
                },
                Array [
                  Object {
                    "backgroundColor": "transparent",
                  },
                  undefined,
                ],
                Object {
                  "fontFamily": "Material Icons",
                  "fontStyle": "normal",
                  "fontWeight": "normal",
                },
              ]
            }
          >
            
          </Text>
        </View>
      </View>
    </View>
  </View>
  <View
    onLongPress={undefined}
    onPress={undefined}
    style={
      Array [
        Object {
          "backgroundColor": "transparent",
          "borderBottomColor": "#bbb",
          "borderBottomWidth": 1,
          "paddingBottom": 10,
          "paddingRight": 10,
          "paddingTop": 10,
        },
        Array [
          Object {
            "backgroundColor": "#FFFFFF",
            "borderBottomColor": "#483F53",
            "borderTopColor": "#483F53",
          },
          Array [],
        ],
      ]
    }
    underlayColor="#483F53"
  >
    <View
      style={
        Array [
          Object {
            "flexDirection": "row",
            "marginLeft": 10,
          },
          undefined,
        ]
      }
    >
      <View
        style={
          Object {
            "flex": 1,
            "justifyContent": "center",
          }
        }
      >
        <View
          style={undefined}
        >
          <Text
            accessible={true}
            allowFontScaling={true}
            ellipsizeMode="tail"
            numberOfLines={1}
            style={
              Array [
                Object {},
                undefined,
                undefined,
                undefined,
                undefined,
                undefined,
                undefined,
                undefined,
                undefined,
                undefined,
                Array [
                  Object {
                    "color": "#43484d",
                    "fontSize": 17.5,
                  },
                  Object {
                    "marginLeft": 10,
                  },
                  Array [
                    Object {
                      "color": "#455a64",
                      "fontFamily": "HelveticaNeue",
                      "fontSize": 14,
                      "fontWeight": "300",
                      "lineHeight": 18,
                    },
                    Array [],
                  ],
                  undefined,
                ],
              ]
            }
          >
            Second
          </Text>
        </View>
        <View
          style={undefined}
        >
          <View />
        </View>
      </View>
      <View
        accessibilityComponentType={undefined}
        accessibilityLabel={undefined}
        accessibilityTraits={undefined}
        accessible={true}
        collapsable={undefined}
        hitSlop={undefined}
        isTVSelectable={true}
        nativeID={undefined}
        onLayout={undefined}
        onResponderGrant={[Function]}
        onResponderMove={[Function]}
        onResponderRelease={[Function]}
        onResponderTerminate={[Function]}
        onResponderTerminationRequest={[Function]}
        onStartShouldSetResponder={[Function]}
        style={
          Object {
            "alignItems": "flex-end",
            "flex": 0.15,
            "justifyContent": "center",
            "opacity": 1,
          }
        }
        testID={undefined}
        tvParallaxProperties={undefined}
      >
        <View
          onPress={undefined}
          style={
            Array [
              false,
              false,
              false,
              Object {
                "alignItems": "center",
                "backgroundColor": "transparent",
                "justifyContent": "center",
              },
              undefined,
            ]
          }
          underlayColor="white"
        >
          <Text
            accessible={true}
            allowFontScaling={false}
            ellipsizeMode="tail"
            style={
              Array [
                Object {
                  "color": "#777777",
                  "fontSize": 28,
                },
                Array [
                  Object {
                    "backgroundColor": "transparent",
                  },
                  undefined,
                ],
                Object {
                  "fontFamily": "Material Icons",
                  "fontStyle": "normal",
                  "fontWeight": "normal",
                },
              ]
            }
          >
            
          </Text>
        </View>
      </View>
    </View>
  </View>
</View>
`;
